// Jest Snapshot v1, https://goo.gl/fbAQLP

exports[`Picture It renders 1`] = `
<picture
  className="sc-bdVaJa bDWFJH"
>
  <img
    alt={undefined}
    src={undefined}
    title={undefined}
  />
</picture>
`;
